// Jest Snapshot v1, https://goo.gl/fbAQLP

exports[`Button 1`] = `
<a
  className="btn btn-outline-warning btn-lg "
  href="/somepath"
  rel="noreferrer"
  target="_blank"
>
  Test
</a>
`;
