// Jest Snapshot v1, https://goo.gl/fbAQLP

exports[`BlogEntry 1`] = `
<div
  className="container content"
>
  <div
    className="markdown"
  >
    <div
      dangerouslySetInnerHTML={
        Object {
          "__html": "<p><strong>test</strong></p>",
        }
      }
    />
  </div>
</div>
`;
